farend_singletalk: 300 cases
  farend_singletalk 50/300
  farend_singletalk 100/300
  farend_singletalk 150/300
  farend_singletalk 200/300
  farend_singletalk 250/300
  farend_singletalk 300/300
nearend_singletalk: 200 cases
  nearend_singletalk 50/200
  nearend_singletalk 100/200
  nearend_singletalk 150/200
  nearend_singletalk 200/200
doubletalk: 300 cases
  doubletalk 50/300
  doubletalk 100/300
  doubletalk 150/300
  doubletalk 200/300
  doubletalk 250/300
  doubletalk 300/300
wrote experiments/round4_phase0/states.json: 800 cases
