
============================================================
FAREND SINGLETALK — ERLE (300 cases, 131 with movement)
============================================================
 Case Mv     Ours
-----------------
    0  M      9.1
    1        31.7
    2  M     11.2
    3        18.2
    4  M     23.1
    5        19.3
    6         8.5
    7  M     16.3
    8        28.5
    9  M      7.3
   10         5.2
   11         1.4
   12        19.5
   13        12.6
   14         4.0
   15  M     37.3
   16         4.5
   17  M     11.2
   18        29.8
   19         9.1
   20         7.1
   21        20.3
   22         8.7
   23  M     18.9
   24  M     12.0
   25        14.2
   26  M     12.3
   27        20.2
   28        16.5
   29  M      9.7
   30         3.5
   31  M      4.3
   32        19.6
   33  M     14.0
   34         5.7
   35        21.0
   36         6.6
   37         6.1
   38  M     11.2
   39  M     16.3
   40  M      6.2
   41         4.2
   42         6.5
   43  M      6.5
   44         7.1
   45        22.0
   46  M     20.9
   47  M      7.2
   48         5.5
   49        12.7
   50  M     11.0
   51  M     12.6
   52         5.9
   53         5.1
   54         6.3
   55  M      8.4
   56        11.2
   57  M     12.5
   58  M     13.3
   59  M     11.4
   60        20.0
   61  M     21.4
   62        20.5
   63         3.6
   64  M      9.1
   65  M     10.2
   66        12.9
   67        10.5
   68         7.4
   69        22.5
   70  M     13.9
   71         9.7
   72        13.8
   73  M     11.0
   74         4.0
   75  M      2.7
   76        11.2
   77        12.2
   78  M     15.1
   79  M      9.5
   80        19.4
   81         8.2
   82  M      4.0
   83        17.1
   84         2.4
   85        13.8
   86         6.7
   87  M      6.8
   88  M     12.9
   89        26.0
   90  M     17.6
   91         7.4
   92  M     18.2
   93        15.5
   94         2.8
   95  M      5.4
   96        21.0
   97         8.5
   98        13.3
   99        11.9
  100  M      6.4
  101        17.4
  102  M     19.3
  103        34.3
  104  M      5.4
  105  M     24.7
  106         5.1
  107         8.3
  108        20.1
  109  M     16.6
  110        19.5
  111  M     12.7
  112        14.8
  113         8.5
  114  M      8.7
  115  M      9.5
  116        18.0
  117         3.3
  118  M      3.4
  119  M     21.7
  120        14.6
  121  M      6.2
  122  M     10.9
  123        16.3
  124        18.4
  125        43.1
  126  M     36.3
  127  M     16.6
  128        16.4
  129  M     20.1
  130        21.1
  131        14.2
  132        25.6
  133         6.7
  134  M     12.8
  135         5.7
  136  M     13.9
  137        16.6
  138        15.8
  139  M      7.1
  140  M      6.7
  141        14.5
  142        26.6
  143        16.7
  144         8.1
  145  M      5.1
  146  M     31.4
  147  M     11.6
  148  M     11.2
  149         5.4
  150  M     10.4
  151         3.5
  152  M      8.7
  153         1.8
  154  M      7.9
  155         7.3
  156  M     17.4
  157  M     23.2
  158        24.4
  159         6.2
  160  M      5.4
  161  M     13.1
  162  M     13.0
  163        18.2
  164  M      9.1
  165  M     23.7
  166  M     20.9
  167  M      5.1
  168  M     12.2
  169         7.2
  170        22.3
  171  M     18.7
  172  M      9.3
  173         5.2
  174  M     14.6
  175        11.0
  176        23.8
  177  M     15.4
  178  M     17.9
  179        19.8
  180  M      8.3
  181         3.1
  182  M      7.5
  183  M     23.6
  184  M     12.5
  185         6.4
  186  M      4.2
  187        20.6
  188  M     14.4
  189        16.1
  190         4.6
  191  M      7.4
  192        10.1
  193  M     21.1
  194         9.8
  195  M     15.9
  196  M      9.8
  197        20.1
  198        17.4
  199  M     18.3
  200  M     14.6
  201        17.6
  202         7.9
  203         5.7
  204         6.0
  205  M     14.4
  206         8.3
  207  M     15.3
  208         6.3
  209  M     12.4
  210        11.6
  211  M      7.9
  212        26.1
  213         4.3
  214         3.0
  215         5.8
  216  M      4.2
  217         3.7
  218        17.9
  219  M     11.6
  220        22.9
  221  M     17.8
  222        14.7
  223  M     18.5
  224         9.1
  225         6.6
  226         7.8
  227        18.5
  228         7.2
  229  M      8.5
  230        16.0
  231         2.1
  232        11.1
  233  M     11.4
  234         4.2
  235        12.3
  236        18.2
  237         7.3
  238  M      9.2
  239        25.0
  240         8.8
  241        14.9
  242  M     10.0
  243         6.5
  244  M     20.2
  245  M      9.2
  246        23.3
  247         8.3
  248  M     25.5
  249        24.2
  250  M     18.5
  251        10.4
  252        19.8
  253  M     32.1
  254  M      8.1
  255  M     11.9
  256         2.8
  257        12.6
  258  M     10.3
  259  M      5.2
  260        28.0
  261         7.1
  262        17.2
  263        19.3
  264  M     19.0
  265  M     15.0
  266        19.6
  267  M     21.3
  268        12.3
  269         7.1
  270         5.6
  271         2.5
  272  M      8.8
  273         7.0
  274  M      9.7
  275        26.1
  276        11.3
  277  M      9.1
  278        23.5
  279  M      7.8
  280         8.4
  281  M     18.1
  282  M     28.3
  283         5.1
  284        17.8
  285  M      7.8
  286        14.2
  287        14.3
  288  M     14.8
  289  M      5.7
  290  M     16.9
  291  M     15.1
  292        31.6
  293  M     19.8
  294         9.8
  295         2.3
  296  M      7.6
  297  M     14.5
  298        19.6
  299  M     16.0
-----------------
 MEAN     13.1

============================================================
NEAREND SINGLETALK — SDR (200 cases, 0 with movement)
============================================================
 Case Mv     Ours
-----------------
    0        -2.3
    1        -1.8
    2        -1.9
    3        -1.9
    4        -2.7
    5        -2.5
    6        -1.7
    7        -3.0
    8        -2.0
    9        -2.2
   10        -2.2
   11        -1.8
   12        -1.9
   13        -1.2
   14        -2.2
   15        -2.1
   16        -2.1
   17        -2.5
   18        -2.9
   19        -2.7
   20        -1.0
   21        -2.6
   22        -2.2
   23        -2.2
   24        -0.4
   25        -2.2
   26        -2.3
   27        -1.3
   28        -2.1
   29        -2.6
   30        -2.9
   31        -1.9
   32        -1.8
   33        -3.1
   34        -1.2
   35        -1.8
   36        -2.3
   37        -2.6
   38        -1.9
   39        -2.4
   40        -1.9
   41        -1.8
   42        -1.9
   43        -3.0
   44        -3.0
   45        -2.6
   46        -2.6
   47        -2.8
   48        -1.4
   49        -0.8
   50        -1.8
   51        -2.6
   52        -1.8
   53        -2.3
   54        -1.8
   55        -2.6
   56        -2.1
   57        -2.3
   58        -2.2
   59        -2.6
   60        -1.7
   61        -1.8
   62        -2.3
   63        -1.6
   64        -2.5
   65        -2.7
   66        -2.5
   67        -1.2
   68        -3.1
   69        -1.2
   70        -2.4
   71        -1.3
   72        -2.6
   73        -1.1
   74        -1.1
   75        -3.2
   76        -2.5
   77         1.1
   78        -2.1
   79        -2.8
   80        -2.6
   81        -2.9
   82        -2.9
   83        -1.7
   84        -3.1
   85        -0.4
   86        -1.5
   87        -2.7
   88        -2.0
   89        -2.5
   90        -0.5
   91        -2.6
   92        -2.8
   93        -1.2
   94        -2.5
   95        -2.4
   96        -2.0
   97        -2.3
   98        -2.3
   99        -1.7
  100        -1.7
  101        -2.9
  102        -2.0
  103        -2.1
  104        -2.4
  105        -1.1
  106        -2.0
  107        -2.3
  108        -2.4
  109        -2.3
  110        -1.9
  111        -2.8
  112        -2.5
  113        -2.3
  114        -2.3
  115        -2.0
  116        -2.5
  117        -2.1
  118        -2.8
  119        -2.7
  120        -2.9
  121        -2.5
  122        -2.4
  123        -2.1
  124        -2.3
  125        -1.7
  126        -0.6
  127        -2.7
  128        -0.9
  129        -1.9
  130        -2.7
  131        -3.1
  132        -2.7
  133        -2.1
  134        -2.0
  135        -3.3
  136        -2.6
  137        -1.2
  138        -1.7
  139         0.1
  140        -1.9
  141        -2.4
  142        -2.4
  143        -2.5
  144        -1.2
  145        -1.9
  146        -3.0
  147        -2.6
  148        -2.0
  149        -1.6
  150        -1.5
  151        -1.9
  152        -2.5
  153        -2.0
  154        -2.0
  155        -2.9
  156        -3.2
  157        -2.3
  158        -2.9
  159        -2.7
  160        -1.9
  161        -2.5
  162        -1.9
  163        -2.3
  164        -2.4
  165        -2.4
  166        -1.9
  167        -1.8
  168        -1.9
  169        -2.0
  170        -1.7
  171        -1.4
  172        -2.3
  173        -1.6
  174        -2.3
  175        -2.4
  176        -2.9
  177        -2.0
  178        -3.1
  179        -1.6
  180        -0.5
  181        -2.4
  182        -2.2
  183        -2.1
  184        -2.4
  185        -2.9
  186        -1.8
  187        -2.4
  188        -0.9
  189        -2.3
  190        -2.0
  191        -3.0
  192        -1.3
  193        -1.3
  194        -2.6
  195        -2.1
  196        -2.1
  197        -1.2
  198        -2.7
  199        -2.0
-----------------
 MEAN     -2.1

============================================================
DOUBLETALK (real) — ERLE (300 cases, 114 with movement)
============================================================
 Case Mv     Ours
-----------------
    0         1.8
    1         2.0
    2  M      2.5
    3         1.1
    4  M      6.3
    5         2.7
    6         6.5
    7  M      6.1
    8         7.8
    9  M      7.9
   10         3.4
   11         5.7
   12  M      3.6
   13         3.7
   14         2.6
   15  M      2.0
   16         6.6
   17         6.8
   18  M      3.0
   19         2.8
   20  M      4.2
   21         3.8
   22         6.7
   23         6.6
   24  M      8.8
   25         2.5
   26         1.9
   27         1.0
   28  M      2.0
   29         2.6
   30  M      2.6
   31         2.8
   32         2.5
   33  M      4.3
   34         8.0
   35         7.9
   36  M      6.5
   37         3.0
   38  M      4.3
   39         2.8
   40         4.4
   41         5.7
   42         3.4
   43         1.6
   44  M      1.7
   45         1.8
   46  M      3.9
   47         5.3
   48         3.1
   49         2.1
   50         2.1
   51         5.6
   52  M      5.2
   53         2.5
   54  M      1.6
   55         7.9
   56  M     10.2
   57         2.4
   58  M      3.1
   59         4.8
   60         8.7
   61         5.7
   62         1.4
   63  M      1.9
   64         1.1
   65         3.9
   66  M      7.1
   67         4.4
   68  M      3.5
   69         1.8
   70         1.9
   71         6.8
   72  M     11.8
   73         3.3
   74         2.8
   75         2.0
   76  M      3.5
   77         8.9
   78  M      6.3
   79         8.1
   80  M      5.6
   81  M      7.8
   82         3.6
   83         3.6
   84  M      4.7
   85         9.0
   86         8.0
   87  M      6.6
   88         4.0
   89  M      4.1
   90         1.6
   91  M      3.4
   92         4.3
   93  M      2.7
   94         2.1
   95  M     15.2
   96         3.9
   97  M      4.4
   98         5.4
   99  M      6.1
  100         5.7
  101         5.1
  102         4.3
  103  M      4.0
  104         8.9
  105  M      4.9
  106  M      5.5
  107         3.7
  108         5.4
  109  M      5.8
  110         2.8
  111        15.8
  112  M      4.8
  113         6.7
  114         6.4
  115  M      5.2
  116         3.5
  117  M      6.9
  118         6.8
  119         1.7
  120         3.9
  121         3.0
  122  M      6.7
  123         4.5
  124  M      5.1
  125         4.1
  126        12.1
  127  M     16.9
  128         6.2
  129  M      7.1
  130         2.2
  131         4.0
  132  M      4.2
  133         6.1
  134         6.6
  135  M      5.8
  136  M      2.2
  137         4.1
  138         4.8
  139  M      2.3
  140         7.9
  141         7.4
  142         5.1
  143         4.7
  144         3.7
  145         9.5
  146  M      4.0
  147         1.5
  148         2.8
  149  M      5.0
  150         7.0
  151  M      3.4
  152         2.0
  153  M      3.4
  154         3.4
  155  M      7.7
  156         8.3
  157  M      8.9
  158  M      2.3
  159  M      6.1
  160         2.5
  161         6.7
  162  M      2.8
  163         5.4
  164  M      5.4
  165         7.4
  166  M      6.7
  167         5.9
  168  M      4.9
  169        14.3
  170  M      8.5
  171         3.8
  172  M      4.2
  173         3.4
  174  M      8.7
  175  M      6.5
  176         4.5
  177  M      4.1
  178         3.3
  179  M      4.0
  180         2.0
  181  M      1.7
  182         8.8
  183  M     11.5
  184         1.9
  185  M      9.7
  186         2.7
  187         3.2
  188         3.0
  189        14.9
  190  M     13.0
  191        10.8
  192  M     11.6
  193         2.3
  194         3.5
  195  M      3.8
  196         1.5
  197         4.3
  198         6.8
  199         1.3
  200         2.2
  201  M      4.1
  202         9.1
  203         4.6
  204  M      4.7
  205         4.4
  206  M      6.0
  207         8.0
  208         5.5
  209         3.2
  210         4.6
  211  M      2.8
  212         1.2
  213         4.1
  214  M      5.9
  215         3.7
  216         3.6
  217         3.1
  218  M      4.7
  219         2.0
  220         1.9
  221  M      3.1
  222         6.0
  223  M      2.1
  224         2.2
  225         1.8
  226  M      1.8
  227         5.7
  228  M     17.5
  229         5.7
  230  M      4.5
  231         2.2
  232         3.6
  233  M      5.8
  234         4.5
  235         4.7
  236  M      7.0
  237         7.0
  238  M      8.9
  239         7.9
  240  M      3.5
  241         3.7
  242  M      4.5
  243         1.4
  244         2.5
  245  M      4.9
  246         3.8
  247         4.5
  248         3.1
  249  M      4.0
  250         2.7
  251  M      3.1
  252  M      6.2
  253         4.6
  254  M      3.2
  255         6.8
  256  M     11.6
  257         1.4
  258  M      1.8
  259         7.3
  260  M      5.2
  261         3.7
  262         6.3
  263         7.8
  264         2.9
  265         6.5
  266  M      4.8
  267         8.8
  268  M      2.9
  269         6.1
  270         2.3
  271  M      2.9
  272         3.3
  273         4.5
  274  M      4.6
  275         1.6
  276  M      2.2
  277        10.8
  278  M     10.8
  279         5.8
  280  M      5.4
  281  M      1.7
  282  M      6.3
  283         5.8
  284         4.5
  285  M      3.2
  286         3.3
  287         3.1
  288         5.5
  289         9.6
  290  M      8.2
  291         7.2
  292        11.0
  293  M      3.8
  294  M      6.3
  295         1.5
  296         4.3
  297  M      3.1
  298         6.1
  299  M      6.4
-----------------
 MEAN      5.0

Output saved to baselines/b16_baseline
