
============================================================
Processing FS (farend_singletalk)
============================================================
  [20/300] GDyfzBkhxEiDbnRZGGOrQQ…
  [40/300] Je6gJ7y1PECStwxnrOe9aA_w…
  [60/300] MYrVxVEMxkaE7OuyTUmI0Q_w…
  [80/300] OwkV685H2Em8jjTOAbhbow_w…
  [100/300] SUYzW4QT30yxKUq7OGvZKg…
  [120/300] VNgRsWxMdkaUx1gKV9W1Zw_w…
  [140/300] XuguA1uJAE0bWT0xXRDdeA_w…
  [160/300] iOyPaxX11UOaUkcscKhq1A…
  [180/300] lADqddZVJk0eTbkQMpcklA…
  [200/300] nlSSRl4k50Gq2mIRYlMBCg_w…
  [220/300] qVd1gtwQ0k2lVRqPVp1NKQ_w…
  [240/300] sSC9qgbMXEaS2DtvpALBOQ…
  [260/300] urm5FZsuoEGEayow6ckb0w_w…
  [280/300] xSh5yXWiP02K0UkYdkZ0cA_w…
  [300/300] zzCIhneJ8UKTWZ48U0kRXw_w…

============================================================
Processing NE (nearend_singletalk)
============================================================
  [20/200] 4cBxiOIHn0iMlBks6HB5JA…
  [40/200] Hp5g1asacUCt5rJVLO1FuQ…
  [60/200] LeV1uF4j10Whm0FPG80tmw…
  [80/200] QHbI00BzQUeUGwd1ohan2g…
  [100/200] UmlD9X38NECNoJKm0oyf4w…
  [120/200] ZJYUt0O0AEKSQ9LJ8z7t0A…
  [140/200] mNqvVawOEUSLrFsSVX0xYg…
  [160/200] sLi810BoekuU3HSx14LT7A…
  [180/200] wJVPo4lexUK40x0nuK0KWg…
  [200/200] zykCkY0BZEWhtSbeZJm7pw…

============================================================
Processing DT (doubletalk)
============================================================
  [20/300] JjCzlhn3gEiBQvfJtPNJ9A…
  [40/300] NN7yhG2XTEqq46X8X0yLfA…
  [60/300] S5cyhx02u00eJzrHTxVTwQ…
  [80/300] VNgRsWxMdkaUx1gKV9W1Zw…
  [100/300] WLeLQyPtWk2uOefcjBdZmw_w…
  [120/300] XPzc0mE02UGND0qMzmW52g…
  [140/300] XzmU8Bbs70WtSj0koaWIzw_w…
  [160/300] iyuYIcszXku7BWYOOwqh5Q_w…
  [180/300] lH20r2skzU02a647xYoFoA_w…
  [200/300] pU21kfoo0UOz0fPMJFfydg…
  [220/300] sUQrHEPAoEmIvHclpi1tRQ…
  [240/300] w0ogzwvJ7EmiHTCzx7sgwA…
  [260/300] wr2CEenGL0Oec4b1GW5Zww…
  [280/300] xofDX004bkqiOv9YOxmGVQ…
  [300/300] zzCIhneJ8UKTWZ48U0kRXw_w…


======================================================================
ACTION COVERAGE REPORT — subset breakdown
======================================================================

  ── FS-static (169 cases) ──
    converged          :  36.3% of frames avg
    recovery active    :   2.1% of frames avg | entries/file: 0.54
    SOFT_ASSIST        :   2.9/file avg  | files w/ any: 169/169 (100%)
    HARD_RECOVERY_COPY :   0.3/file avg  | files w/ any: 43/169 (25%)
    budget exhausted   : 168/169 (99%)
    FixE candidates    :   24.3/file avg  | err_ratio blocked: 7.4/file avg

  ── FS-movement (131 cases) ──
    converged          :  22.4% of frames avg
    recovery active    :   2.2% of frames avg | entries/file: 0.49
    SOFT_ASSIST        :   2.9/file avg  | files w/ any: 131/131 (100%)
    HARD_RECOVERY_COPY :   0.2/file avg  | files w/ any: 20/131 (15%)
    budget exhausted   : 130/131 (99%)
    FixE candidates    :   20.4/file avg  | err_ratio blocked: 3.7/file avg

  ── NE (200 cases) ──
    converged          :   0.0% of frames avg
    recovery active    :   0.0% of frames avg | entries/file: 0.00
    SOFT_ASSIST        :   0.1/file avg  | files w/ any: 16/200 (8%)
    HARD_RECOVERY_COPY :   0.0/file avg  | files w/ any: 0/200 (0%)
    budget exhausted   : 2/200 (1%)
    FixE candidates    :    1.2/file avg  | err_ratio blocked: 0.0/file avg

  ── DT-static (186 cases) ──
    converged          :  46.5% of frames avg
    recovery active    :   1.8% of frames avg | entries/file: 0.63
    SOFT_ASSIST        :   2.9/file avg  | files w/ any: 186/186 (100%)
    HARD_RECOVERY_COPY :   0.2/file avg  | files w/ any: 35/186 (19%)
    budget exhausted   : 186/186 (100%)
    FixE candidates    :   27.4/file avg  | err_ratio blocked: 10.7/file avg

  ── DT-movement (114 cases) ──
    converged          :  17.1% of frames avg
    recovery active    :   0.8% of frames avg | entries/file: 0.32
    SOFT_ASSIST        :   2.9/file avg  | files w/ any: 114/114 (100%)
    HARD_RECOVERY_COPY :   0.1/file avg  | files w/ any: 16/114 (14%)
    budget exhausted   : 114/114 (100%)
    FixE candidates    :   22.7/file avg  | err_ratio blocked: 5.8/file avg

======================================================================
DT gap diagnostic: SOFT_ASSIST budget consumption
======================================================================
  DT-static: budget exhausted=186/186, SA-only exhaustion=151/186
  DT-movement: budget exhausted=114/114, SA-only exhaustion=98/114

Done.
